app/journey/page.tsx(2,35): error TS2307: Cannot find module '@/src/lib/participants' or its corresponding type declarations.
app/journey/page.tsx(66,38): error TS7006: Parameter 'step' implicitly has an 'any' type.
neuralvault/governance/platform-governance.ts(1,28): error TS2307: Cannot find module '@/neuralvault/manifests/agents.manifest.json' or its corresponding type declarations.
neuralvault/governance/platform-governance.ts(2,28): error TS2307: Cannot find module '@/neuralvault/manifests/assets.manifest.json' or its corresponding type declarations.
neuralvault/governance/platform-governance.ts(3,30): error TS2307: Cannot find module '@/neuralvault/manifests/doctrine.manifest.json' or its corresponding type declarations.
neuralvault/governance/platform-governance.ts(4,29): error TS2307: Cannot find module '@/neuralvault/manifests/domains.manifest.json' or its corresponding type declarations.
neuralvault/governance/platform-governance.ts(5,30): error TS2307: Cannot find module '@/neuralvault/manifests/journeys.manifest.json' or its corresponding type declarations.
neuralvault/governance/platform-governance.ts(6,30): error TS2307: Cannot find module '@/neuralvault/manifests/programs.manifest.json' or its corresponding type declarations.
neuralvault/governance/platform-governance.ts(7,34): error TS2307: Cannot find module '@/neuralvault/manifests/participants.manifest.json' or its corresponding type declarations.
neuralvault/governance/platform-governance.ts(159,66): error TS7006: Parameter 'domain' implicitly has an 'any' type.
neuralvault/governance/platform-governance.ts(160,73): error TS7006: Parameter 'journey' implicitly has an 'any' type.
neuralvault/governance/platform-governance.ts(161,73): error TS7006: Parameter 'program' implicitly has an 'any' type.
neuralvault/governance/platform-governance.ts(162,85): error TS7006: Parameter 'participant' implicitly has an 'any' type.
neuralvault/governance/platform-governance.ts(189,37): error TS7006: Parameter 'asset' implicitly has an 'any' type.
neuralvault/governance/platform-governance.ts(196,80): error TS7006: Parameter 'asset' implicitly has an 'any' type.
neuralvault/governance/platform-governance.ts(210,34): error TS7006: Parameter 'agent' implicitly has an 'any' type.
neuralvault/intelligence/neuralvault-intelligence.ts(6,8): error TS2307: Cannot find module '@/neuralvault/doctrine/ceiling-edition' or its corresponding type declarations.
neuralvault/intelligence/neuralvault-intelligence.ts(7,34): error TS2307: Cannot find module '@/neuralvault/transform/barrier-engine' or its corresponding type declarations.
neuralvault/intelligence/neuralvault-intelligence.ts(8,41): error TS2307: Cannot find module '@/neuralvault/transform/community-impact-engine' or its corresponding type declarations.
neuralvault/intelligence/neuralvault-intelligence.ts(9,33): error TS2307: Cannot find module '@/neuralvault/transform/forecast-engine' or its corresponding type declarations.
neuralvault/intelligence/neuralvault-intelligence.ts(10,39): error TS2307: Cannot find module '@/neuralvault/transform/opportunity-graph' or its corresponding type declarations.
neuralvault/intelligence/neuralvault-intelligence.ts(11,34): error TS2307: Cannot find module '@/neuralvault/transform/pathway-builder' or its corresponding type declarations.
neuralvault/intelligence/neuralvault-intelligence.ts(16,8): error TS2307: Cannot find module '@/neuralvault/transform/transformation-engine' or its corresponding type declarations.
neuralvault/intelligence/neuralvault-intelligence.ts(17,35): error TS2307: Cannot find module '@/neuralvault/transform/strength-engine' or its corresponding type declarations.
neuralvault/intelligence/neuralvault-intelligence.ts(35,52): error TS7006: Parameter 'domain' implicitly has an 'any' type.
neuralvault/intelligence/neuralvault-intelligence.ts(57,27): error TS7006: Parameter 'domain' implicitly has an 'any' type.
neuralvault/orchestration/ceiling-platform.orchestrator.ts(8,8): error TS2307: Cannot find module '@/neuralvault/doctrine/ceiling-edition' or its corresponding type declarations.
neuralvault/orchestration/ceiling-platform.orchestrator.ts(55,39): error TS7006: Parameter 'domain' implicitly has an 'any' type.
neuralvault/orchestration/ceiling-platform.orchestrator.ts(61,51): error TS7006: Parameter 'stage' implicitly has an 'any' type.
neuralvault/orchestration/ceiling-platform.orchestrator.ts(66,54): error TS7006: Parameter 'layer' implicitly has an 'any' type.
neuralvault/transform/opportunity-graph.ts(1,39): error TS2307: Cannot find module '@/neuralvault/doctrine/ceiling-edition' or its corresponding type declarations.
neuralvault/transform/opportunity-graph.ts(27,37): error TS7006: Parameter 'domain' implicitly has an 'any' type.
neuralvault/transform/opportunity-graph.ts(38,29): error TS7006: Parameter 'domain' implicitly has an 'any' type.
neuralvault/transform/opportunity-graph.ts(62,29): error TS7006: Parameter 'domain' implicitly has an 'any' type.
neuralvault/transform/opportunity-graph.ts(68,29): error TS7006: Parameter 'domain' implicitly has an 'any' type.
neuralvault/transform/pathway-builder.ts(1,44): error TS2307: Cannot find module '@/neuralvault/doctrine/ceiling-edition' or its corresponding type declarations.
neuralvault/transform/pathway-builder.ts(25,57): error TS7006: Parameter 'stage' implicitly has an 'any' type.
neuralvault/transform/pathway-builder.ts(25,64): error TS7006: Parameter 'index' implicitly has an 'any' type.
neuralvault/transform/transformation-engine.ts(1,39): error TS2307: Cannot find module '@/neuralvault/doctrine/ceiling-edition' or its corresponding type declarations.
neuralvault/transform/transformation-engine.ts(38,30): error TS7006: Parameter 'domain' implicitly has an 'any' type.
src/components/home/AtlasPreview.tsx(1,26): error TS2307: Cannot find module '@/src/components/sections/AtlasPreview' or its corresponding type declarations.
src/components/home/CallToAction.tsx(1,27): error TS2307: Cannot find module '@/src/components/ui/PrimaryButton' or its corresponding type declarations.
src/components/home/CallToAction.tsx(2,21): error TS2307: Cannot find module '@/src/components/ui/Section' or its corresponding type declarations.
src/components/home/EcosystemPreview.tsx(2,21): error TS2307: Cannot find module '@/src/components/ui/Section' or its corresponding type declarations.
src/components/home/FoundersVoice.tsx(2,21): error TS2307: Cannot find module '@/src/components/ui/Section' or its corresponding type declarations.
src/components/home/Hero.tsx(4,27): error TS2307: Cannot find module '@/src/components/ui/PrimaryButton' or its corresponding type declarations.
src/components/home/TransformationDomains.tsx(5,21): error TS2307: Cannot find module '@/src/components/ui/Section' or its corresponding type declarations.
src/components/home/TransformationDomains.tsx(6,25): error TS2307: Cannot find module '@/src/data/atlas/pillars' or its corresponding type declarations.
src/components/home/TransformationDomains.tsx(14,76): error TS7006: Parameter 'pillar' implicitly has an 'any' type.
src/components/home/TransformationDomains.tsx(14,84): error TS7006: Parameter 'index' implicitly has an 'any' type.
src/components/sections/Pillars.tsx(17,25): error TS2307: Cannot find module '@/src/data/atlas/pillars' or its corresponding type declarations.
src/components/sections/Pillars.tsx(18,29): error TS2307: Cannot find module '@/src/data/atlas/pillars' or its corresponding type declarations.
src/components/sections/Pillars.tsx(55,20): error TS7006: Parameter 'pillar' implicitly has an 'any' type.
src/components/sections/Pillars.tsx(55,28): error TS7006: Parameter 'index' implicitly has an 'any' type.
src/components/sections/Pillars.tsx(92,117): error TS7006: Parameter 'pillar' implicitly has an 'any' type.
src/lib/transformation/opportunity-graph.ts(1,39): error TS2307: Cannot find module '@/neuralvault/doctrine/ceiling-edition' or its corresponding type declarations.
src/lib/transformation/opportunity-graph.ts(6,37): error TS7006: Parameter 'domain' implicitly has an 'any' type.
src/lib/transformation/opportunity-graph.ts(17,29): error TS7006: Parameter 'domain' implicitly has an 'any' type.
src/lib/transformation/opportunity-graph.ts(41,29): error TS7006: Parameter 'domain' implicitly has an 'any' type.
src/lib/transformation/opportunity-graph.ts(47,29): error TS7006: Parameter 'domain' implicitly has an 'any' type.
src/lib/transformation/pathway-builder.ts(1,44): error TS2307: Cannot find module '@/neuralvault/doctrine/ceiling-edition' or its corresponding type declarations.
src/lib/transformation/pathway-builder.ts(5,73): error TS7006: Parameter 'stage' implicitly has an 'any' type.
src/lib/transformation/pathway-builder.ts(5,80): error TS7006: Parameter 'index' implicitly has an 'any' type.
src/lib/transformation/transformation-registry.ts(4,8): error TS2307: Cannot find module '@/neuralvault/doctrine/ceiling-edition' or its corresponding type declarations.
src/lib/transformation/transformation-registry.ts(12,39): error TS7006: Parameter 'domain' implicitly has an 'any' type.
src/lib/transformation/transformation-registry.ts(22,57): error TS7006: Parameter 'stage' implicitly has an 'any' type.
