
> platform@0.1.0 build
> next build

Γû▓ Next.js 16.3.3 (Turbopack)
Γ£ô Running next.config.ts took 487ms

  Creating an optimized production build ...
Γ£ô Compiled successfully in 34.5s
  Running TypeScript ...
  Finished TypeScript in 18.2s ...
  Collecting page data using 7 workers ...
  Generating static pages using 7 workers (0/13) ...
  Generating static pages using 7 workers (3/13) 
  Generating static pages using 7 workers (6/13) 
  Generating static pages using 7 workers (9/13) 
Γ£ô Generating static pages using 7 workers (13/13) in 3.5s
  Finalizing page optimization ...

Route (app)
Γöî Γùï /
Γö£ Γùï /_not-found
Γö£ Γùï /atlas
Γö£ Γùï /cases
Γö£ Γùï /dashboard
Γö£ Γùï /governance
Γö£ Γùï /journey
Γö£ Γùï /milestones
Γö£ Γùï /mission-control
Γö£ Γùï /opportunities
Γöö Γùï /participants


Γùï  (Static)  prerendered as static content

